// Jest Snapshot v1, https://goo.gl/fbAQLP

exports[`renders a chart 1`] = `
<div>
  <article
    class="container"
    id="app-title"
  >
    <div
      class="chartHeader"
    >
      <h3
        class="title"
      >
        m1
      </h3>
      <div>
        <ul
          class="means"
        >
          <li>
            <div
              class="popover"
            >
              Last Minute Mean
            </div>
            <div
              class="dot dotMin"
            >
              <div />
            </div>
            <span>
              7.0
            </span>
          </li>
          <li>
            <div
              class="popover"
            >
              Last Hour Mean
            </div>
            <div
              class="dot dotHour"
            >
              <div />
            </div>
            <span>
              12.0
            </span>
          </li>
          <li>
            <div
              class="popover"
            >
              Last Day Mean
            </div>
            <div
              class="dot dotDay"
            >
              <div />
            </div>
            <span>
              11.0
            </span>
          </li>
        </ul>
      </div>
    </div>
    <div
      class="chartWrapper"
    >
      <div />
    </div>
    <div
      class="chartFooter"
    />
  </article>
</div>
`;
